12-17 22:29:00.242  1203  1213 W .gms.persistent: Large reply transaction of 1056768 bytes, interface descriptor , code 1
12-17 22:29:00.247  1442  2123 I BugleRcsEngine: No RCS Configuration was found in Bugle for simID: redacted-pii:sim_id[chars:20,last3:897] [CONTEXT log_prefix="ProvisioningEngineDataRetriever" thread_id=65 ]
12-17 22:29:00.334   647  1936 V GrammaticalInflectionUtils: AttributionSource: android.content.AttributionSource@7d5247aa does not have READ_SYSTEM_GRAMMATICAL_GENDER permission.
12-17 22:29:00.346  1145  1145 I TopTaskTracker: onTaskMovedToFront: (moved taskInfo to front) taskId=81, baseIntent=Intent { act=android.intent.action.MAIN cat=[android.intent.category.LAUNCHER] flg=0x10000000 cmp=com.androidlesson.calculator.test/androidx.test.core.app.InstrumentationActivityInvoker$EmptyActivity }
12-17 22:29:00.350   430   430 I BpBinder: onLastStrongRef automatically unlinking death recipients:
12-17 22:29:00.352  7091  7091 D LifecycleMonitor: Lifecycle status change: androidx.activity.ComponentActivity@5f9fdd in: PAUSED
12-17 22:29:00.352  7091  7091 V ActivityScenario: Update currentActivityStage to PAUSED, currentActivity=androidx.activity.ComponentActivity@5f9fdd
12-17 22:29:00.401  7091  7107 D EGL_emulation: app_time_stats: avg=99.62ms min=13.29ms max=495.25ms count=15
12-17 22:29:00.459  7124  7139 I EGL_emulation: Opening libGLESv1_CM_emulation.so
12-17 22:29:00.459  7124  7139 I EGL_emulation: Opening libGLESv2_emulation.so
12-17 22:29:00.464  7124  7139 W HWUI    : Failed to choose config with EGL_SWAP_BEHAVIOR_PRESERVED, retrying without...
12-17 22:29:00.465  7124  7139 W HWUI    : Failed to initialize 101010-2 format, error = EGL_SUCCESS
12-17 22:29:00.531  7091  7160 D ProfileInstaller: Installing profile for com.androidlesson.calculator
12-17 22:29:00.612   647   684 W ziparchive: Unable to open '/data/app/~~KM4HjdQne3p_SVgKjg5yQA==/com.androidlesson.calculator.test-dB1uONFWnFEm4SqOHbnn6Q==/base.dm': No such file or directory
12-17 22:29:00.614  1145  1145 I TopTaskTracker: onTaskMovedToFront: (moved taskInfo to front) taskId=57, baseIntent=Intent { act=android.intent.action.MAIN cat=[android.intent.category.HOME] flg=0x10000100 cmp=com.google.android.apps.nexuslauncher/.NexusLauncherActivity }
12-17 22:29:00.617   647   684 I ActivityTaskManager: Displayed com.androidlesson.calculator.test/androidx.test.core.app.InstrumentationActivityInvoker$EmptyActivity for user 0: +277ms
12-17 22:29:00.629  1145  1145 D StatsLog: LAUNCHER_ONRESUME
12-17 22:29:00.632   647  1454 W AppSearchIcing: icing-search-engine.cc:321: Error: 5, Message: Document (com.google.android.googlequicksearchbox$OneSearchZeroStateGoogleSuggestions/default, zp) not found.
12-17 22:29:00.634  1145  1145 D NexusLauncherModelDelegate: notifySmartspaceEvent: SmartspaceTargetEvent{mSmartspaceTarget=null, mSmartspaceActionId='null', mEventType=6}
12-17 22:29:00.635  1145  1766 D OneSearchSuggestProvider: AppSearch 0-state cache not available, fallback to AGA
12-17 22:29:00.635  1145  1766 D OneSearchSuggestProvider: java.util.concurrent.CompletionException: java.util.NoSuchElementException: No value present
12-17 22:29:00.635  1145  1766 D OneSearchSuggestProvider: 	at java.util.concurrent.CompletableFuture.encodeThrowable(CompletableFuture.java:308)
12-17 22:29:00.635  1145  1766 D OneSearchSuggestProvider: 	at java.util.concurrent.CompletableFuture.completeThrowable(CompletableFuture.java:323)
12-17 22:29:00.635  1145  1766 D OneSearchSuggestProvider: 	at java.util.concurrent.CompletableFuture$UniAccept.tryFire(CompletableFuture.java:684)
12-17 22:29:00.635  1145  1766 D OneSearchSuggestProvider: 	at java.util.concurrent.CompletableFuture.postComplete(CompletableFuture.java:486)
12-17 22:29:00.635  1145  1766 D OneSearchSuggestProvider: 	at java.util.concurrent.CompletableFuture.completeExceptionally(CompletableFuture.java:2138)
12-17 22:29:00.635  1145  1766 D OneSearchSuggestProvider: 	at com.google.android.apps.nexuslauncher.allapps.E0.onResult(go/retraceme 2855a437b73635ce9cad76b9289087e631bbb67fc90008a0da13d343a00e5041:67)
12-17 22:29:00.635  1145  1766 D OneSearchSuggestProvider: 	at android.app.appsearch.SearchSessionUtil$1.lambda$onResult$0(go/retraceme 64eee9e9f568ff45978879ad2ff83146f2618ee8a88278736fbdf5fae931976e:144)
12-17 22:29:00.635  1145  1766 D OneSearchSuggestProvider: 	at android.app.appsearch.SearchSessionUtil$1.$r8$lambda$CEk3q8sDAQVhU3rQwVueB8FAj_M(go/retraceme 64eee9e9f568ff45978879ad2ff83146f2618ee8a88278736fbdf5fae931976e:1)
12-17 22:29:00.635  1145  1766 D OneSearchSuggestProvider: 	at android.app.appsearch.SearchSessionUtil$1$$ExternalSyntheticLambda0.run(go/retraceme 64eee9e9f568ff45978879ad2ff83146f2618ee8a88278736fbdf5fae931976e:22)
12-17 22:29:00.635  1145  1766 D OneSearchSuggestProvider: 	at android.os.Handler.handleCallback(Handler.java:959)
12-17 22:29:00.635  1145  1766 D OneSearchSuggestProvider: 	at android.os.Handler.dispatchMessage(Handler.java:100)
12-17 22:29:00.635  1145  1766 D OneSearchSuggestProvider: 	at android.os.Looper.loopOnce(Looper.java:232)
12-17 22:29:00.635  1145  1766 D OneSearchSuggestProvider: 	at android.os.Looper.loop(Looper.java:317)
12-17 22:29:00.635  1145  1766 D OneSearchSuggestProvider: 	at android.os.HandlerThread.run(HandlerThread.java:85)
12-17 22:29:00.635  1145  1766 D OneSearchSuggestProvider: Caused by: java.util.NoSuchElementException: No value present
12-17 22:29:00.635  1145  1766 D OneSearchSuggestProvider: 	at java.util.Optional.get(Optional.java:143)
12-17 22:29:00.635  1145  1766 D OneSearchSuggestProvider: 	at com.google.android.apps.nexuslauncher.allapps.E0.onResult(go/retraceme 2855a437b73635ce9cad76b9289087e631bbb67fc90008a0da13d343a00e5041:28)
12-17 22:29:00.635  1145  1766 D OneSearchSuggestProvider: 	... 8 more
12-17 22:29:00.636  1145  1223 D QuickstepModelDelegate: notifyAppTargetEvent action=1 launchLocation=workspace/0/[-1,-1]/[1,1]
12-17 22:29:00.638  1145  1766 D OneSearchSuggestProvider: Created the binder channel successfully for end point service =com.google.android.apps.search.googleapp.search.suggest.plugins.onesearch.server.OneSearchSuggestService , mChannel=i1{delegate=f{logId=65, target=directaddress:///AndroidComponentAddress%5BIntent%20%7B%20act=grpc.io.action.BIND%20cmp=com.google.android.googlequicksearchbox/com.google.android.apps.search.googleapp.search.suggest.plugins.onesearch.server.OneSearchSuggestService%20%7D%5D}} , mOneSearchConnection=l2.Z@be09029
12-17 22:29:00.648  1374  1606 I AiAiEcho: Predicting[0]:  [CONTEXT sampling_count=5 ]
12-17 22:29:00.649  1374  1606 I AiAiEcho: EchoTargets:
12-17 22:29:00.649  1374  1606 I AiAiEcho: Filtered by AiAi flag check:
12-17 22:29:00.649  1374  1606 I AiAiEcho: [CONTEXT ratelimit_period="10 SECONDS" ]
12-17 22:29:00.650  1374  1606 I AiAiEcho: Ranked targets strategy: SORT, count: 0, ranking metadata:  [CONTEXT ratelimit_period="10 SECONDS" ]
12-17 22:29:00.650  1374  1606 I AiAiEcho: #remoteViewsTwiddler: feature disabled.
12-17 22:29:00.652  1374  1606 I AiAiEcho: #postPredictionTargets: Sending updates to UISurface home with targets# 0 (types=[])
12-17 22:29:00.656  1145  1145 D BaseDepthController: setSurface:
12-17 22:29:00.656  1145  1145 D BaseDepthController: 	mWaitingOnSurfaceValidity: false
12-17 22:29:00.656  1145  1145 D BaseDepthController: 	mSurface: Surface(name=com.google.android.apps.nexuslauncher/com.google.android.apps.nexuslauncher.NexusLauncherActivity)/@0x4fc493d
12-17 22:29:00.720  1866  1866 I A       : (REDACTED) Created gRPC endpoint for service %s
12-17 22:29:00.725  1145  1621 D EGL_emulation: app_time_stats: avg=80.15ms min=1.93ms max=1333.95ms count=20
12-17 22:29:00.729  1145  1145 D SsBaseTemplateCard: No text view can be set up
12-17 22:29:00.731  1145  1145 D SsBaseTemplateCard: Passed-in item info is null
12-17 22:29:00.731  1145  1145 D SsBaseTemplateCard: Passed-in item info is null
12-17 22:29:00.731  1145  1145 D SsBaseTemplateCard: Passed-in item info is null
12-17 22:29:00.731  1145  1145 I SsBaseTemplateCard: Secondary card pane is null
12-17 22:29:00.774  7091  7091 D VRI[ComponentActivity]: visibilityChanged oldVisibility=true newVisibility=false
12-17 22:29:00.783  1145  1145 D StateManager: createAtomicAnimation - fromState: Background, toState: Normal, partial trace:
12-17 22:29:00.783  1145  1145 D StateManager: 	at com.android.quickstep.util.WorkspaceRevealAnim.prepareToAnimate(go/retraceme 2855a437b73635ce9cad76b9289087e631bbb67fc90008a0da13d343a00e5041:22)
12-17 22:29:00.783  1145  1145 D StateManager: 	at com.android.quickstep.util.WorkspaceRevealAnim.<init>(go/retraceme 2855a437b73635ce9cad76b9289087e631bbb67fc90008a0da13d343a00e5041:11)
12-17 22:29:00.783  1145  1145 D StateManager: 	at com.android.launcher3.QuickstepTransitionManager.createWallpaperOpenAnimations(go/retraceme 2855a437b73635ce9cad76b9289087e631bbb67fc90008a0da13d343a00e5041:735)
12-17 22:29:00.784  1145  1145 D SearchTargetUtil: queryLength=0 size=0
12-17 22:29:00.798  7091  7107 D HWUI    : endAllActiveAnimators on 0x739139d56490 (UnprojectedRipple) with handle 0x738fb9d6f650
12-17 22:29:00.819  7091  7091 D LifecycleMonitor: Lifecycle status change: androidx.activity.ComponentActivity@5f9fdd in: STOPPED
12-17 22:29:00.820  7091  7091 V ActivityScenario: Update currentActivityStage to STOPPED, currentActivity=androidx.activity.ComponentActivity@5f9fdd
12-17 22:29:00.853   647   786 I ImeTracker: com.google.android.apps.nexuslauncher:2e324dba: onRequestHide at ORIGIN_SERVER reason HIDE_UNSPECIFIED_WINDOW fromUser false
12-17 22:29:00.858  1296  1296 I GoogleInputMethodService: GoogleInputMethodService.onFinishInputView():2393
12-17 22:29:00.862  1296  1296 W TooltipLifecycleManager: TooltipLifecycleManager.dismissTooltips():152 Tooltip with id spell_check_add_to_dictionary not found in tooltipManager.
12-17 22:29:00.865  1296  1296 I GoogleInputMethodService: GoogleInputMethodService.onFinishInput():3157
12-17 22:29:00.872  1296  1296 I GoogleInputMethodService: GoogleInputMethodService.updateDeviceLockedStatus():2248 repeatCheckTimes = 0, locked = false
12-17 22:29:00.872  1296  1296 I GoogleInputMethodService: GoogleInputMethodService.onStartInput():1986 onStartInput(EditorInfo{EditorInfo{packageName=com.google.android.apps.nexuslauncher, inputType=0, inputTypeString=NULL, enableLearning=false, autoCorrection=false, autoComplete=false, imeOptions=0, privateImeOptions=null, actionName=UNSPECIFIED, actionLabel=null, initialSelStart=-1, initialSelEnd=-1, initialCapsMode=0, label=null, fieldId=0, fieldName=null, extras=null, hintText=null, hintLocales=[]}}, false)
12-17 22:29:00.874  1296  1296 I GoogleInputMethodService: GoogleInputMethodService.updateDeviceLockedStatus():2248 repeatCheckTimes = 1, locked = false
12-17 22:29:00.874  1296  1296 I AndroidIME: InputBundleManager.loadActiveInputBundleId():450 loadActiveInputBundleId: und-Latn-x-password, password
12-17 22:29:00.875  1296  1296 I HardKeyTracker: HardKeyTracker.registerKeySequence():139 Register key sequence lnk{labelResId=2132019800, callback=gnd@b81557d, lastModifier=0, keyCodes=[57, 57], actions=[1, 0]}
12-17 22:29:00.875  1296  1296 I HardKeyTracker: HardKeyTracker.registerKeySequence():139 Register key sequence lnk{labelResId=0, callback=gnd@2466540, lastModifier=0, keyCodes=[58, 58], actions=[1, 0]}
12-17 22:29:00.895  1296  1296 I WindowMetricsNotification: WindowMetricsNotification.notifyWithWindow():113
12-17 22:29:00.896  1296  1296 I WindowMetricsNotification: WindowMetricsNotification.notify():106 WindowMetricsNotification{bounds=Rect(0, 63 - 1080, 2400), insets=Rect(0, 0 - 0, 126), densityDpi=420, smallestScreenWidthDp=411, displayWidth=1080, displayHeight=2400, xdpi=420.0, ydpi=420.0}; DisplayMetrics{density=2.625, width=1080, height=2400, scaledDensity=2.625, xdpi=420.0, ydpi=420.0}
12-17 22:29:00.900  7091  7091 D LifecycleMonitor: Lifecycle status change: androidx.activity.ComponentActivity@5f9fdd in: DESTROYED
12-17 22:29:00.900  7091  7091 V ActivityScenario: Update currentActivityStage to DESTROYED, currentActivity=null
12-17 22:29:00.919  7091  7091 W WindowOnBackDispatcher: sendCancelIfRunning: isInProgress=false callback=android.view.ViewRootImpl$$ExternalSyntheticLambda11@aface11
12-17 22:29:00.962   647  1934 W InputManager-JNI: Input channel object 'b8ac19f com.androidlesson.calculator/androidx.activity.ComponentActivity (client)' was disposed without first being removed with the input manager!
12-17 22:29:00.974  7091  7091 I ImeTracker: com.androidlesson.calculator:5b4a2675: onRequestHide at ORIGIN_CLIENT reason HIDE_SOFT_INPUT fromUser false
12-17 22:29:00.975  7091  7091 I ImeTracker: com.androidlesson.calculator:5b4a2675: onFailed at PHASE_CLIENT_VIEW_SERVED
12-17 22:29:00.976  7091  7091 D InsetsController: hide(ime(), fromIme=true)
12-17 22:29:00.980  7091  7091 I ImeTracker: com.google.android.apps.nexuslauncher:2e324dba: onCancelled at PHASE_CLIENT_APPLY_ANIMATION
12-17 22:29:01.010  7091  7105 D IdlingRegistry: Unregistering idling resources: [androidx.compose.ui.test.junit4.EspressoLink@19ec769]
12-17 22:29:01.014  7091  7105 I TestRunner: finished: additionWithNonNumericInput(com.androidlesson.calculator.CalculatorTest)
