12-17 22:28:57.385  1296  1296 I KeyboardHeightUtil: KeyboardHeightUtil.calculateMaxKeyboardBodyHeight():45 leave 281 height for app when ime window height:2211, header height:116 and isFullscreenMode:false, so the max keyboard body height is:1814
12-17 22:28:57.386  1296  1296 I KeyboardHeightUtil: KeyboardHeightUtil.calculateMaxKeyboardBodyHeight():45 leave 281 height for app when ime window height:2211, header height:116 and isFullscreenMode:false, so the max keyboard body height is:1814
12-17 22:28:57.386  1296  1296 I NormalModeController: NormalModeController.getKeyboardBodyViewHolderPaddingBottom():104 currentPrimeKeyboardType:SOFT systemPaddingBottom:-1
12-17 22:28:57.386  1296  1296 I KeyboardHeightUtil: KeyboardHeightUtil.calculateMaxKeyboardBodyHeight():45 leave 281 height for app when ime window height:2211, header height:116 and isFullscreenMode:false, so the max keyboard body height is:1814
12-17 22:28:57.386  1296  1296 I KeyboardHeightUtil: KeyboardHeightUtil.calculateMaxKeyboardBodyHeight():45 leave 281 height for app when ime window height:2211, header height:116 and isFullscreenMode:false, so the max keyboard body height is:1814
12-17 22:28:57.386  1296  1296 I KeyboardModeManager: KeyboardModeManager.setInputViewKeyboardViewHolderProvider():613 setInputView() : supportsOneHandedMode=true, supportSplitMode=true
12-17 22:28:57.391  1296  1296 I CrowdsourceExtension: CrowdsourceExtension.checkIfDefaultBrowserIsAllowed():110 Failed to get default browser. The default browser may be deactived.
12-17 22:28:57.393  1296  1296 I AccessoryInputModeManager: AccessoryInputModeManager.onModeStarted():308 Accessory input mode started: STYLUS
12-17 22:28:57.394  1296  1296 I NewLanguagePromptExtension: NewLanguagePromptExtension.onActivate():195 Not activated NewLanguagePromptExtension: not a normal text input box.
12-17 22:28:57.394  1296  1296 I CurrentMicStatusHolder: CurrentMicStatusHolder.onStartInputView():81 Current Mic status = {MicIconHidden-PasswordOrNumberOrDateInputType,}
12-17 22:28:57.396  1296  1296 I StylusModule: StylusModule.onUpdateToolType():770 Update tool type = 2
12-17 22:28:57.398  1296  1296 I StylusModule: StylusModule.onUpdateToolType():770 Update tool type = 2
12-17 22:28:57.399  7091  7091 D InsetsController: show(ime(), fromIme=true)
12-17 22:28:57.399  7091  7091 I ImeTracker: com.androidlesson.calculator:8809488: onCancelled at PHASE_CLIENT_APPLY_ANIMATION
12-17 22:28:57.400  1296  1296 I GoogleInputMethodService: GoogleInputMethodService$1.onKeyboardViewShown():494 onKeyboardViewShown: keyboardType=accessory, keyboardViewType=HEADER keyboardView=null
12-17 22:28:57.400  1296  1296 I GoogleInputMethodService: GoogleInputMethodService$1.onKeyboardViewShown():494 onKeyboardViewShown: keyboardType=accessory, keyboardViewType=BODY keyboardView=null
12-17 22:28:57.400  7091  7091 D InsetsController: show(ime(), fromIme=true)
12-17 22:28:57.401  7091  7091 I ImeTracker: com.androidlesson.calculator:172f10a9: onCancelled at PHASE_CLIENT_APPLY_ANIMATION
12-17 22:28:57.591  7091  7107 D EGL_emulation: app_time_stats: avg=291.86ms min=1.28ms max=1295.88ms count=8
12-17 22:28:57.624   647  1917 V GrammaticalInflectionUtils: AttributionSource: android.content.AttributionSource@7d5247aa does not have READ_SYSTEM_GRAMMATICAL_GENDER permission.
12-17 22:28:57.635   430   430 I BpBinder: onLastStrongRef automatically unlinking death recipients:
12-17 22:28:57.638  7091  7091 D LifecycleMonitor: Lifecycle status change: androidx.activity.ComponentActivity@fba647a in: PAUSED
12-17 22:28:57.639  7091  7091 V ActivityScenario: Update currentActivityStage to PAUSED, currentActivity=androidx.activity.ComponentActivity@fba647a
12-17 22:28:57.641   647   687 V GrammaticalInflectionUtils: AttributionSource: android.content.AttributionSource@7d5247aa does not have READ_SYSTEM_GRAMMATICAL_GENDER permission.
12-17 22:28:57.642  1145  1145 I TopTaskTracker: onTaskMovedToFront: (moved taskInfo to front) taskId=79, baseIntent=Intent { act=android.intent.action.MAIN cat=[android.intent.category.LAUNCHER] flg=0x10000000 cmp=com.androidlesson.calculator.test/androidx.test.core.app.InstrumentationActivityInvoker$EmptyActivity }
12-17 22:28:57.674   378   378 D Zygote  : Forked child process 7124
12-17 22:28:57.685  7124  7124 I calculator.test: Late-enabling -Xcheck:jni
12-17 22:28:57.731  7124  7124 I calculator.test: Using CollectorTypeCMC GC.
12-17 22:28:57.732  7124  7124 W calculator.test: Unexpected CPU variant for x86: x86_64.
12-17 22:28:57.732  7124  7124 W calculator.test: Known variants: atom, sandybridge, silvermont, goldmont, goldmont-plus, goldmont-without-sha-xsaves, tremont, kabylake, default
12-17 22:28:57.751   442   464 I adbd    : jdwp connection from 7124
12-17 22:28:57.771  7124  7124 D nativeloader: Load libframework-connectivity-tiramisu-jni.so using APEX ns com_android_tethering for caller /apex/com.android.tethering/javalib/framework-connectivity-t.jar: ok
12-17 22:28:57.791   919  1032 D EGL_emulation: app_time_stats: avg=134.91ms min=5.18ms max=1906.93ms count=20
12-17 22:28:57.798  7124  7124 I ActivityThread: Relaunch all activities: onCoreSettingsChange
12-17 22:28:57.802  7124  7124 D CompatChangeReporter: Compat change id reported: 242716250; UID 10219; state: ENABLED
12-17 22:28:57.814  7124  7124 D ApplicationLoaders: Returning zygote-cached class loader: /system/framework/android.test.base.jar
12-17 22:28:57.816  7124  7124 D nativeloader: Configuring clns-7 for other apk /system/framework/android.test.mock.jar. target_sdk_version=34, uses_libraries=ALL, library_path=/data/app/~~KM4HjdQne3p_SVgKjg5yQA==/com.androidlesson.calculator.test-dB1uONFWnFEm4SqOHbnn6Q==/lib/x86_64, permitted_path=/data:/mnt/expand:/data/user/0/com.androidlesson.calculator.test
12-17 22:28:57.816  7124  7124 D ApplicationLoaders: Returning zygote-cached class loader: /system/framework/android.test.base.jar
12-17 22:28:57.818  7124  7124 D nativeloader: Configuring clns-8 for other apk /system/framework/android.test.runner.jar. target_sdk_version=34, uses_libraries=ALL, library_path=/data/app/~~KM4HjdQne3p_SVgKjg5yQA==/com.androidlesson.calculator.test-dB1uONFWnFEm4SqOHbnn6Q==/lib/x86_64, permitted_path=/data:/mnt/expand:/data/user/0/com.androidlesson.calculator.test
12-17 22:28:57.819  7124  7124 W ziparchive: Unable to open '/data/app/~~KM4HjdQne3p_SVgKjg5yQA==/com.androidlesson.calculator.test-dB1uONFWnFEm4SqOHbnn6Q==/base.dm': No such file or directory
12-17 22:28:57.819  7124  7124 W ziparchive: Unable to open '/data/app/~~KM4HjdQne3p_SVgKjg5yQA==/com.androidlesson.calculator.test-dB1uONFWnFEm4SqOHbnn6Q==/base.dm': No such file or directory
12-17 22:28:57.845  7124  7124 D nativeloader: Configuring clns-9 for other apk /data/app/~~KM4HjdQne3p_SVgKjg5yQA==/com.androidlesson.calculator.test-dB1uONFWnFEm4SqOHbnn6Q==/base.apk. target_sdk_version=34, uses_libraries=, library_path=/data/app/~~KM4HjdQne3p_SVgKjg5yQA==/com.androidlesson.calculator.test-dB1uONFWnFEm4SqOHbnn6Q==/lib/x86_64, permitted_path=/data:/mnt/expand:/data/user/0/com.androidlesson.calculator.test
12-17 22:28:57.859  7124  7124 V GraphicsEnvironment: Currently set values for:
12-17 22:28:57.859  7124  7124 V GraphicsEnvironment:   angle_gl_driver_selection_pkgs=[]
12-17 22:28:57.860  7124  7124 V GraphicsEnvironment:   angle_gl_driver_selection_values=[]
12-17 22:28:57.860  7124  7124 V GraphicsEnvironment: Global.Settings values are invalid: number of packages: 0, number of values: 0
12-17 22:28:57.860  7124  7124 V GraphicsEnvironment: Neither updatable production driver nor prerelease driver is supported.
12-17 22:28:57.913  7124  7124 E calculator.test: Invalid resource ID 0x00000000.
12-17 22:28:57.943  7124  7124 W HWUI    : Unknown dataspace 0
12-17 22:28:57.948   647   825 D InetDiagMessage: Destroyed 0 sockets, proto=IPPROTO_TCP, family=AF_INET, states=14
12-17 22:28:57.948   647   825 D InetDiagMessage: Destroyed 0 sockets, proto=IPPROTO_TCP, family=AF_INET6, states=14
12-17 22:28:57.951   647   825 D InetDiagMessage: Destroyed live tcp sockets for uids={10194} in 2ms
12-17 22:28:57.959   647   825 D InetDiagMessage: Destroyed 0 sockets, proto=IPPROTO_TCP, family=AF_INET, states=14
12-17 22:28:57.961   430   613 W ServiceManagerCppClient: Permission failure: android.permission.ACCESS_SURFACE_FLINGER from uid=10219 pid=0
12-17 22:28:57.961   430   613 D PermissionCache: checking android.permission.ACCESS_SURFACE_FLINGER for uid=10219 => denied (267 us)
12-17 22:28:57.961   430   613 W ServiceManagerCppClient: Permission failure: android.permission.ROTATE_SURFACE_FLINGER from uid=10219 pid=0
12-17 22:28:57.961   430   613 D PermissionCache: checking android.permission.ROTATE_SURFACE_FLINGER for uid=10219 => denied (167 us)
12-17 22:28:57.961   430   613 W ServiceManagerCppClient: Permission failure: android.permission.INTERNAL_SYSTEM_WINDOW from uid=10219 pid=0
12-17 22:28:57.961   430   613 D PermissionCache: checking android.permission.INTERNAL_SYSTEM_WINDOW for uid=10219 => denied (116 us)
12-17 22:28:57.966  7124  7139 I EGL_emulation: Opening libGLESv1_CM_emulation.so
12-17 22:28:57.966  7124  7139 I EGL_emulation: Opening libGLESv2_emulation.so
12-17 22:28:57.968   647   825 D InetDiagMessage: Destroyed 0 sockets, proto=IPPROTO_TCP, family=AF_INET6, states=14
12-17 22:28:57.969   647   825 D InetDiagMessage: Destroyed live tcp sockets for uids={20194} in 17ms
12-17 22:28:57.979  7124  7139 W HWUI    : Failed to choose config with EGL_SWAP_BEHAVIOR_PRESERVED, retrying without...
12-17 22:28:57.979  7124  7139 W HWUI    : Failed to initialize 101010-2 format, error = EGL_SUCCESS
12-17 22:28:57.981  1145  1621 D EGL_emulation: app_time_stats: avg=109.48ms min=0.91ms max=2270.92ms count=26
12-17 22:28:58.006   164   164 I hwservicemanager: getTransport: Cannot find entry android.hardware.graphics.mapper@4.0::IMapper/default in either framework or device VINTF manifest.
12-17 22:28:58.006  7124  7139 I Gralloc4: mapper 4.x is not supported
12-17 22:28:58.141  5643  5660 W .apps.wellbeing: Missing inline cache for boolean gzv.handleMessage(android.os.Message)
12-17 22:28:58.200   647  1921 W ServiceManagerCppClient: Permission failure: android.permission.ACCESS_SURFACE_FLINGER from uid=10219 pid=0
12-17 22:28:58.200   647  1921 D PermissionCache: checking android.permission.ACCESS_SURFACE_FLINGER for uid=10219 => denied (970 us)
12-17 22:28:58.200   647  1921 W ServiceManagerCppClient: Permission failure: android.permission.ROTATE_SURFACE_FLINGER from uid=10219 pid=0
12-17 22:28:58.200   647  1921 D PermissionCache: checking android.permission.ROTATE_SURFACE_FLINGER for uid=10219 => denied (101 us)
12-17 22:28:58.200   647  1921 W ServiceManagerCppClient: Permission failure: android.permission.INTERNAL_SYSTEM_WINDOW from uid=10219 pid=0
12-17 22:28:58.200   647  1921 D PermissionCache: checking android.permission.INTERNAL_SYSTEM_WINDOW for uid=10219 => denied (63 us)
12-17 22:28:58.218   647   684 W ziparchive: Unable to open '/data/app/~~KM4HjdQne3p_SVgKjg5yQA==/com.androidlesson.calculator.test-dB1uONFWnFEm4SqOHbnn6Q==/base.dm': No such file or directory
12-17 22:28:58.222   647   684 I ActivityTaskManager: Displayed com.androidlesson.calculator.test/androidx.test.core.app.InstrumentationActivityInvoker$EmptyActivity for user 0: +596ms
12-17 22:28:58.223  1145  1145 I TopTaskTracker: onTaskMovedToFront: (moved taskInfo to front) taskId=57, baseIntent=Intent { act=android.intent.action.MAIN cat=[android.intent.category.HOME] flg=0x10000100 cmp=com.google.android.apps.nexuslauncher/.NexusLauncherActivity }
12-17 22:28:58.244  1145  1145 D StatsLog: LAUNCHER_ONRESUME
12-17 22:28:58.250  1145  1145 D NexusLauncherModelDelegate: notifySmartspaceEvent: SmartspaceTargetEvent{mSmartspaceTarget=null, mSmartspaceActionId='null', mEventType=6}
12-17 22:28:58.255   647  1454 W AppSearchIcing: icing-search-engine.cc:321: Error: 5, Message: Document (com.google.android.googlequicksearchbox$OneSearchZeroStateGoogleSuggestions/default, zp) not found.
12-17 22:28:58.257  1145  1766 D OneSearchSuggestProvider: AppSearch 0-state cache not available, fallback to AGA
12-17 22:28:58.257  1145  1766 D OneSearchSuggestProvider: java.util.concurrent.CompletionException: java.util.NoSuchElementException: No value present
12-17 22:28:58.257  1145  1766 D OneSearchSuggestProvider: 	at java.util.concurrent.CompletableFuture.encodeThrowable(CompletableFuture.java:308)
12-17 22:28:58.257  1145  1766 D OneSearchSuggestProvider: 	at java.util.concurrent.CompletableFuture.completeThrowable(CompletableFuture.java:323)
12-17 22:28:58.257  1145  1766 D OneSearchSuggestProvider: 	at java.util.concurrent.CompletableFuture$UniAccept.tryFire(CompletableFuture.java:684)
12-17 22:28:58.257  1145  1766 D OneSearchSuggestProvider: 	at java.util.concurrent.CompletableFuture.postComplete(CompletableFuture.java:486)
12-17 22:28:58.257  1145  1766 D OneSearchSuggestProvider: 	at java.util.concurrent.CompletableFuture.completeExceptionally(CompletableFuture.java:2138)
12-17 22:28:58.257  1145  1766 D OneSearchSuggestProvider: 	at com.google.android.apps.nexuslauncher.allapps.E0.onResult(go/retraceme 2855a437b73635ce9cad76b9289087e631bbb67fc90008a0da13d343a00e5041:67)
12-17 22:28:58.257  1145  1766 D OneSearchSuggestProvider: 	at android.app.appsearch.SearchSessionUtil$1.lambda$onResult$0(go/retraceme 64eee9e9f568ff45978879ad2ff83146f2618ee8a88278736fbdf5fae931976e:144)
12-17 22:28:58.257  1145  1766 D OneSearchSuggestProvider: 	at android.app.appsearch.SearchSessionUtil$1.$r8$lambda$CEk3q8sDAQVhU3rQwVueB8FAj_M(go/retraceme 64eee9e9f568ff45978879ad2ff83146f2618ee8a88278736fbdf5fae931976e:1)
12-17 22:28:58.257  1145  1766 D OneSearchSuggestProvider: 	at android.app.appsearch.SearchSessionUtil$1$$ExternalSyntheticLambda0.run(go/retraceme 64eee9e9f568ff45978879ad2ff83146f2618ee8a88278736fbdf5fae931976e:22)
12-17 22:28:58.257  1145  1766 D OneSearchSuggestProvider: 	at android.os.Handler.handleCallback(Handler.java:959)
12-17 22:28:58.257  1145  1766 D OneSearchSuggestProvider: 	at android.os.Handler.dispatchMessage(Handler.java:100)
12-17 22:28:58.257  1145  1766 D OneSearchSuggestProvider: 	at android.os.Looper.loopOnce(Looper.java:232)
12-17 22:28:58.257  1145  1766 D OneSearchSuggestProvider: 	at android.os.Looper.loop(Looper.java:317)
12-17 22:28:58.257  1145  1766 D OneSearchSuggestProvider: 	at android.os.HandlerThread.run(HandlerThread.java:85)
12-17 22:28:58.257  1145  1766 D OneSearchSuggestProvider: Caused by: java.util.NoSuchElementException: No value present
12-17 22:28:58.257  1145  1766 D OneSearchSuggestProvider: 	at java.util.Optional.get(Optional.java:143)
12-17 22:28:58.257  1145  1766 D OneSearchSuggestProvider: 	at com.google.android.apps.nexuslauncher.allapps.E0.onResult(go/retraceme 2855a437b73635ce9cad76b9289087e631bbb67fc90008a0da13d343a00e5041:28)
12-17 22:28:58.257  1145  1766 D OneSearchSuggestProvider: 	... 8 more
12-17 22:28:58.260  1145  1766 D OneSearchSuggestProvider: Created the binder channel successfully for end point service =com.google.android.apps.search.googleapp.search.suggest.plugins.onesearch.server.OneSearchSuggestService , mChannel=i1{delegate=f{logId=61, target=directaddress:///AndroidComponentAddress%5BIntent%20%7B%20act=grpc.io.action.BIND%20cmp=com.google.android.googlequicksearchbox/com.google.android.apps.search.googleapp.search.suggest.plugins.onesearch.server.OneSearchSuggestService%20%7D%5D}} , mOneSearchConnection=l2.Z@8a06563
12-17 22:28:58.265  1145  1145 D BaseDepthController: setSurface:
12-17 22:28:58.265  1145  1145 D BaseDepthController: 	mWaitingOnSurfaceValidity: false
12-17 22:28:58.265  1145  1145 D BaseDepthController: 	mSurface: Surface(name=com.google.android.apps.nexuslauncher/com.google.android.apps.nexuslauncher.NexusLauncherActivity)/@0x4fc493d
12-17 22:28:58.267  1145  1223 D QuickstepModelDelegate: notifyAppTargetEvent action=1 launchLocation=workspace/0/[-1,-1]/[1,1]
12-17 22:28:58.353  7091  7091 D VRI[ComponentActivity]: visibilityChanged oldVisibility=true newVisibility=false
12-17 22:28:58.358  1374  1606 I AiAiEcho: Predicting[0]:  [CONTEXT sampling_count=5 ]
12-17 22:28:58.359  1374  1606 I AiAiEcho: EchoTargets:
12-17 22:28:58.359  1374  1606 I AiAiEcho: Filtered by AiAi flag check:
12-17 22:28:58.359  1374  1606 I AiAiEcho: [CONTEXT ratelimit_period="10 SECONDS" ]
12-17 22:28:58.360  1374  1606 I AiAiEcho: Ranked targets strategy: SORT, count: 0, ranking metadata:  [CONTEXT ratelimit_period="10 SECONDS" ]
12-17 22:28:58.362  1374  1606 I AiAiEcho: #remoteViewsTwiddler: feature disabled.
12-17 22:28:58.381  1866  1866 I A       : (REDACTED) Created gRPC endpoint for service %s
12-17 22:28:58.389  7091  7107 D HWUI    : endAllActiveAnimators on 0x739139d510e0 (UnprojectedRipple) with handle 0x738fb9d6c5c0
12-17 22:28:58.410  1145  1145 D StateManager: createAtomicAnimation - fromState: Background, toState: Normal, partial trace:
12-17 22:28:58.410  1145  1145 D StateManager: 	at com.android.quickstep.util.WorkspaceRevealAnim.prepareToAnimate(go/retraceme 2855a437b73635ce9cad76b9289087e631bbb67fc90008a0da13d343a00e5041:22)
12-17 22:28:58.410  1145  1145 D StateManager: 	at com.android.quickstep.util.WorkspaceRevealAnim.<init>(go/retraceme 2855a437b73635ce9cad76b9289087e631bbb67fc90008a0da13d343a00e5041:11)
12-17 22:28:58.410  1145  1145 D StateManager: 	at com.android.launcher3.QuickstepTransitionManager.createWallpaperOpenAnimations(go/retraceme 2855a437b73635ce9cad76b9289087e631bbb67fc90008a0da13d343a00e5041:735)
12-17 22:28:58.429  1374  1606 I AiAiEcho: #postPredictionTargets: Sending updates to UISurface home with targets# 0 (types=[])
12-17 22:28:58.439   647   786 I ImeTracker: com.google.android.apps.nexuslauncher:53e08114: onRequestHide at ORIGIN_SERVER reason HIDE_UNSPECIFIED_WINDOW fromUser false
12-17 22:28:58.441  7091  7091 D LifecycleMonitor: Lifecycle status change: androidx.activity.ComponentActivity@fba647a in: STOPPED
12-17 22:28:58.441  7091  7091 V ActivityScenario: Update currentActivityStage to STOPPED, currentActivity=androidx.activity.ComponentActivity@fba647a
12-17 22:28:58.476  1145  1145 D SsBaseTemplateCard: No text view can be set up
12-17 22:28:58.479  1145  1145 D SsBaseTemplateCard: Passed-in item info is null
12-17 22:28:58.480  1145  1145 D SsBaseTemplateCard: Passed-in item info is null
12-17 22:28:58.481  1145  1145 D SsBaseTemplateCard: Passed-in item info is null
12-17 22:28:58.481  1145  1145 I SsBaseTemplateCard: Secondary card pane is null
12-17 22:28:58.478  1296  1296 I GoogleInputMethodService: GoogleInputMethodService.onFinishInputView():2393
12-17 22:28:58.502  1296  1296 W TooltipLifecycleManager: TooltipLifecycleManager.dismissTooltips():152 Tooltip with id spell_check_add_to_dictionary not found in tooltipManager.
12-17 22:28:58.515  7091  7091 D LifecycleMonitor: Lifecycle status change: androidx.activity.ComponentActivity@fba647a in: DESTROYED
12-17 22:28:58.516  7091  7091 V ActivityScenario: Update currentActivityStage to DESTROYED, currentActivity=null
12-17 22:28:58.518  7091  7091 W WindowOnBackDispatcher: sendCancelIfRunning: isInProgress=false callback=android.view.ViewRootImpl$$ExternalSyntheticLambda11@9f4aadf
12-17 22:28:58.526  1296  1296 I WindowMetricsNotification: WindowMetricsNotification.notifyWithWindow():113
12-17 22:28:58.527  1296  1296 I WindowMetricsNotification: WindowMetricsNotification.notify():106 WindowMetricsNotification{bounds=Rect(0, 63 - 1080, 2400), insets=Rect(0, 0 - 0, 126), densityDpi=420, smallestScreenWidthDp=411, displayWidth=1080, displayHeight=2400, xdpi=420.0, ydpi=420.0}; DisplayMetrics{density=2.625, width=1080, height=2400, scaledDensity=2.625, xdpi=420.0, ydpi=420.0}
12-17 22:28:58.528  1296  1296 I GoogleInputMethodService: GoogleInputMethodService.onFinishInput():3157
12-17 22:28:58.529   647  1917 W InputManager-JNI: Input channel object '51f02e0 com.androidlesson.calculator/androidx.activity.ComponentActivity (client)' was disposed without first being removed with the input manager!
12-17 22:28:58.532  1296  1296 I GoogleInputMethodService: GoogleInputMethodService.updateDeviceLockedStatus():2248 repeatCheckTimes = 0, locked = false
12-17 22:28:58.532  1296  1296 I GoogleInputMethodService: GoogleInputMethodService.onStartInput():1986 onStartInput(EditorInfo{EditorInfo{packageName=com.google.android.apps.nexuslauncher, inputType=0, inputTypeString=NULL, enableLearning=false, autoCorrection=false, autoComplete=false, imeOptions=0, privateImeOptions=null, actionName=UNSPECIFIED, actionLabel=null, initialSelStart=-1, initialSelEnd=-1, initialCapsMode=0, label=null, fieldId=0, fieldName=null, extras=null, hintText=null, hintLocales=[]}}, false)
12-17 22:28:58.533  1296  1296 I GoogleInputMethodService: GoogleInputMethodService.updateDeviceLockedStatus():2248 repeatCheckTimes = 1, locked = false
12-17 22:28:58.536  1296  1296 I AndroidIME: InputBundleManager.loadActiveInputBundleId():450 loadActiveInputBundleId: und-Latn-x-password, password
12-17 22:28:58.537  1296  1296 I HardKeyTracker: HardKeyTracker.registerKeySequence():139 Register key sequence lnk{labelResId=2132019800, callback=gnd@4f3fd7b, lastModifier=0, keyCodes=[57, 57], actions=[1, 0]}
12-17 22:28:58.537  1296  1296 I HardKeyTracker: HardKeyTracker.registerKeySequence():139 Register key sequence lnk{labelResId=0, callback=gnd@abbb3d6, lastModifier=0, keyCodes=[58, 58], actions=[1, 0]}
12-17 22:28:58.540  7091  7091 I ImeTracker: com.androidlesson.calculator:7c3fda62: onRequestHide at ORIGIN_CLIENT reason HIDE_SOFT_INPUT fromUser false
12-17 22:28:58.541  7091  7091 I ImeTracker: com.androidlesson.calculator:7c3fda62: onFailed at PHASE_CLIENT_VIEW_SERVED
12-17 22:28:58.544  7091  7091 D InsetsController: hide(ime(), fromIme=true)
12-17 22:28:58.544  1145  1145 D SearchTargetUtil: queryLength=0 size=0
12-17 22:28:58.545  7091  7091 I ImeTracker: com.google.android.apps.nexuslauncher:53e08114: onCancelled at PHASE_CLIENT_APPLY_ANIMATION
12-17 22:28:58.616  7091  7105 D IdlingRegistry: Unregistering idling resources: [androidx.compose.ui.test.junit4.EspressoLink@e93471f]
12-17 22:28:58.616  7091  7105 I TestRunner: finished: additionWithEmptyInput(com.androidlesson.calculator.CalculatorTest)
