12-17 22:29:02.385  1145  1156 W System  : A resource failed to call release.
12-17 22:29:02.385  1145  1156 W System  : A resource failed to call release.
12-17 22:29:02.386  1145  1156 W System  : A resource failed to call release.
12-17 22:29:02.386  1145  1156 W System  : A resource failed to call release.
12-17 22:29:02.386  1145  1156 W System  : A resource failed to call release.
12-17 22:29:02.480   647   684 W ziparchive: Unable to open '/data/app/~~KM4HjdQne3p_SVgKjg5yQA==/com.androidlesson.calculator.test-dB1uONFWnFEm4SqOHbnn6Q==/base.dm': No such file or directory
12-17 22:29:02.481   647   684 I ActivityTaskManager: Displayed com.androidlesson.calculator.test/androidx.test.core.app.InstrumentationActivityInvoker$EmptyActivity for user 0: +227ms
12-17 22:29:02.491  1145  1145 I TopTaskTracker: onTaskMovedToFront: (moved taskInfo to front) taskId=57, baseIntent=Intent { act=android.intent.action.MAIN cat=[android.intent.category.HOME] flg=0x10000100 cmp=com.google.android.apps.nexuslauncher/.NexusLauncherActivity }
12-17 22:29:02.512  1145  1145 D StatsLog: LAUNCHER_ONRESUME
12-17 22:29:02.519  1145  1145 D NexusLauncherModelDelegate: notifySmartspaceEvent: SmartspaceTargetEvent{mSmartspaceTarget=null, mSmartspaceActionId='null', mEventType=6}
12-17 22:29:02.523   647  1454 W AppSearchIcing: icing-search-engine.cc:321: Error: 5, Message: Document (com.google.android.googlequicksearchbox$OneSearchZeroStateGoogleSuggestions/default, zp) not found.
12-17 22:29:02.524  1145  1766 D OneSearchSuggestProvider: AppSearch 0-state cache not available, fallback to AGA
12-17 22:29:02.524  1145  1766 D OneSearchSuggestProvider: java.util.concurrent.CompletionException: java.util.NoSuchElementException: No value present
12-17 22:29:02.524  1145  1766 D OneSearchSuggestProvider: 	at java.util.concurrent.CompletableFuture.encodeThrowable(CompletableFuture.java:308)
12-17 22:29:02.524  1145  1766 D OneSearchSuggestProvider: 	at java.util.concurrent.CompletableFuture.completeThrowable(CompletableFuture.java:323)
12-17 22:29:02.524  1145  1766 D OneSearchSuggestProvider: 	at java.util.concurrent.CompletableFuture$UniAccept.tryFire(CompletableFuture.java:684)
12-17 22:29:02.524  1145  1766 D OneSearchSuggestProvider: 	at java.util.concurrent.CompletableFuture.postComplete(CompletableFuture.java:486)
12-17 22:29:02.524  1145  1766 D OneSearchSuggestProvider: 	at java.util.concurrent.CompletableFuture.completeExceptionally(CompletableFuture.java:2138)
12-17 22:29:02.524  1145  1766 D OneSearchSuggestProvider: 	at com.google.android.apps.nexuslauncher.allapps.E0.onResult(go/retraceme 2855a437b73635ce9cad76b9289087e631bbb67fc90008a0da13d343a00e5041:67)
12-17 22:29:02.524  1145  1766 D OneSearchSuggestProvider: 	at android.app.appsearch.SearchSessionUtil$1.lambda$onResult$0(go/retraceme 64eee9e9f568ff45978879ad2ff83146f2618ee8a88278736fbdf5fae931976e:144)
12-17 22:29:02.524  1145  1766 D OneSearchSuggestProvider: 	at android.app.appsearch.SearchSessionUtil$1.$r8$lambda$CEk3q8sDAQVhU3rQwVueB8FAj_M(go/retraceme 64eee9e9f568ff45978879ad2ff83146f2618ee8a88278736fbdf5fae931976e:1)
12-17 22:29:02.524  1145  1766 D OneSearchSuggestProvider: 	at android.app.appsearch.SearchSessionUtil$1$$ExternalSyntheticLambda0.run(go/retraceme 64eee9e9f568ff45978879ad2ff83146f2618ee8a88278736fbdf5fae931976e:22)
12-17 22:29:02.524  1145  1766 D OneSearchSuggestProvider: 	at android.os.Handler.handleCallback(Handler.java:959)
12-17 22:29:02.524  1145  1766 D OneSearchSuggestProvider: 	at android.os.Handler.dispatchMessage(Handler.java:100)
12-17 22:29:02.524  1145  1766 D OneSearchSuggestProvider: 	at android.os.Looper.loopOnce(Looper.java:232)
12-17 22:29:02.524  1145  1766 D OneSearchSuggestProvider: 	at android.os.Looper.loop(Looper.java:317)
12-17 22:29:02.524  1145  1766 D OneSearchSuggestProvider: 	at android.os.HandlerThread.run(HandlerThread.java:85)
12-17 22:29:02.524  1145  1766 D OneSearchSuggestProvider: Caused by: java.util.NoSuchElementException: No value present
12-17 22:29:02.524  1145  1766 D OneSearchSuggestProvider: 	at java.util.Optional.get(Optional.java:143)
12-17 22:29:02.524  1145  1766 D OneSearchSuggestProvider: 	at com.google.android.apps.nexuslauncher.allapps.E0.onResult(go/retraceme 2855a437b73635ce9cad76b9289087e631bbb67fc90008a0da13d343a00e5041:28)
12-17 22:29:02.524  1145  1766 D OneSearchSuggestProvider: 	... 8 more
12-17 22:29:02.525  1145  1766 D OneSearchSuggestProvider: Created the binder channel successfully for end point service =com.google.android.apps.search.googleapp.search.suggest.plugins.onesearch.server.OneSearchSuggestService , mChannel=i1{delegate=f{logId=69, target=directaddress:///AndroidComponentAddress%5BIntent%20%7B%20act=grpc.io.action.BIND%20cmp=com.google.android.googlequicksearchbox/com.google.android.apps.search.googleapp.search.suggest.plugins.onesearch.server.OneSearchSuggestService%20%7D%5D}} , mOneSearchConnection=l2.Z@ab0a894
12-17 22:29:02.525  1374  1606 I AiAiEcho: Predicting[0]:  [CONTEXT sampling_count=5 ]
12-17 22:29:02.526  1374  1606 I AiAiEcho: EchoTargets:
12-17 22:29:02.526  1374  1606 I AiAiEcho: Filtered by AiAi flag check:
12-17 22:29:02.526  1374  1606 I AiAiEcho: [CONTEXT ratelimit_period="10 SECONDS" ]
12-17 22:29:02.526  1374  1606 I AiAiEcho: Ranked targets strategy: SORT, count: 0, ranking metadata:  [CONTEXT ratelimit_period="10 SECONDS" ]
12-17 22:29:02.527  1374  1606 I AiAiEcho: #remoteViewsTwiddler: feature disabled.
12-17 22:29:02.527  1374  1606 I AiAiEcho: #postPredictionTargets: Sending updates to UISurface home with targets# 0 (types=[])
12-17 22:29:02.532  1145  1145 D BaseDepthController: setSurface:
12-17 22:29:02.532  1145  1145 D BaseDepthController: 	mWaitingOnSurfaceValidity: false
12-17 22:29:02.532  1145  1145 D BaseDepthController: 	mSurface: Surface(name=com.google.android.apps.nexuslauncher/com.google.android.apps.nexuslauncher.NexusLauncherActivity)/@0x4fc493d
12-17 22:29:02.535  1145  1223 D QuickstepModelDelegate: notifyAppTargetEvent action=1 launchLocation=workspace/0/[-1,-1]/[1,1]
12-17 22:29:02.544  1866  1866 I A       : (REDACTED) Created gRPC endpoint for service %s
12-17 22:29:02.603  7091  7107 D EGL_emulation: app_time_stats: avg=49.86ms min=5.48ms max=329.18ms count=24
12-17 22:29:02.615  1145  1145 D SsBaseTemplateCard: No text view can be set up
12-17 22:29:02.615  1145  1145 D SsBaseTemplateCard: Passed-in item info is null
12-17 22:29:02.615  1145  1145 D SsBaseTemplateCard: Passed-in item info is null
12-17 22:29:02.615  1145  1145 D SsBaseTemplateCard: Passed-in item info is null
12-17 22:29:02.615  1145  1145 I SsBaseTemplateCard: Secondary card pane is null
12-17 22:29:02.625  1145  1621 D EGL_emulation: app_time_stats: avg=43.11ms min=1.27ms max=937.84ms count=38
12-17 22:29:02.670  1145  1145 D SearchTargetUtil: queryLength=0 size=0
12-17 22:29:02.676  7091  7091 D VRI[ComponentActivity]: visibilityChanged oldVisibility=true newVisibility=false
12-17 22:29:02.696  7091  7107 D HWUI    : endAllActiveAnimators on 0x739139d7ce90 (UnprojectedRipple) with handle 0x738fb9d73d00
12-17 22:29:02.702  1145  1145 D StateManager: createAtomicAnimation - fromState: Background, toState: Normal, partial trace:
12-17 22:29:02.702  1145  1145 D StateManager: 	at com.android.quickstep.util.WorkspaceRevealAnim.prepareToAnimate(go/retraceme 2855a437b73635ce9cad76b9289087e631bbb67fc90008a0da13d343a00e5041:22)
12-17 22:29:02.702  1145  1145 D StateManager: 	at com.android.quickstep.util.WorkspaceRevealAnim.<init>(go/retraceme 2855a437b73635ce9cad76b9289087e631bbb67fc90008a0da13d343a00e5041:11)
12-17 22:29:02.702  1145  1145 D StateManager: 	at com.android.launcher3.QuickstepTransitionManager.createWallpaperOpenAnimations(go/retraceme 2855a437b73635ce9cad76b9289087e631bbb67fc90008a0da13d343a00e5041:735)
12-17 22:29:02.708   919   929 W ndroid.systemui: Missing inline cache for void com.android.wm.shell.transition.Transitions.processReadyQueue(com.android.wm.shell.transition.Transitions$Track)
12-17 22:29:02.708   919   929 W ndroid.systemui: Missing inline cache for void com.android.wm.shell.transition.Transitions.processReadyQueue(com.android.wm.shell.transition.Transitions$Track)
12-17 22:29:02.713  7091  7091 D LifecycleMonitor: Lifecycle status change: androidx.activity.ComponentActivity@a38fdab in: STOPPED
12-17 22:29:02.713  7091  7091 V ActivityScenario: Update currentActivityStage to STOPPED, currentActivity=androidx.activity.ComponentActivity@a38fdab
12-17 22:29:02.737  7091  7091 D LifecycleMonitor: Lifecycle status change: androidx.activity.ComponentActivity@a38fdab in: DESTROYED
12-17 22:29:02.737  7091  7091 V ActivityScenario: Update currentActivityStage to DESTROYED, currentActivity=null
12-17 22:29:02.737  7091  7091 W WindowOnBackDispatcher: sendCancelIfRunning: isInProgress=false callback=android.view.ViewRootImpl$$ExternalSyntheticLambda11@f36627f
12-17 22:29:02.747   647  1081 W InputManager-JNI: Input channel object '39193b3 com.androidlesson.calculator/androidx.activity.ComponentActivity (client)' was disposed without first being removed with the input manager!
12-17 22:29:02.755  7091  7091 I ImeTracker: com.androidlesson.calculator:67038904: onRequestHide at ORIGIN_CLIENT reason HIDE_SOFT_INPUT fromUser false
12-17 22:29:02.755  7091  7091 I ImeTracker: com.androidlesson.calculator:67038904: onFailed at PHASE_CLIENT_VIEW_SERVED
12-17 22:29:02.771   647   786 I ImeTracker: com.google.android.apps.nexuslauncher:b92a7659: onRequestHide at ORIGIN_SERVER reason HIDE_UNSPECIFIED_WINDOW fromUser false
12-17 22:29:02.774  1296  1296 I GoogleInputMethodService: GoogleInputMethodService.onFinishInputView():2393
12-17 22:29:02.777  7091  7105 D IdlingRegistry: Unregistering idling resources: [androidx.compose.ui.test.junit4.EspressoLink@c008c97]
12-17 22:29:02.779  7091  7091 W RemoteInputConnectionImpl: requestCursorUpdates on inactive InputConnection
12-17 22:29:02.780  1296  5805 W RemoteInputConnection: requestCursorUpdates() was cancelled.
12-17 22:29:02.782  1296  1296 W TooltipLifecycleManager: TooltipLifecycleManager.dismissTooltips():152 Tooltip with id spell_check_add_to_dictionary not found in tooltipManager.
12-17 22:29:02.787  1296  1307 W AndroidFuture: Remote result com.android.internal.infra.AndroidFuture@9114d82[Completed normally] ignored, as local future is already completed: com.android.internal.infra.AndroidFuture@687cc93[Completed exceptionally: java.util.concurrent.CancellationException]
12-17 22:29:02.790  7091  7105 I TestRunner: finished: additionOfPositiveAndNegativeNumber(com.androidlesson.calculator.CalculatorTest)
