12-17 22:29:04.387   919   932 W System  : A resource failed to call release.
12-17 22:29:04.387   919   932 W System  : A resource failed to call release.
12-17 22:29:04.387   919   932 W System  : A resource failed to call release.
12-17 22:29:04.387   919   932 W System  : A resource failed to call release.
12-17 22:29:04.387   919   932 W System  : A resource failed to call release.
12-17 22:29:04.392  1145  1621 D EGL_emulation: app_time_stats: avg=42.05ms min=1.26ms max=836.75ms count=38
12-17 22:29:04.402   647  1454 W AppSearchIcing: icing-search-engine.cc:321: Error: 5, Message: Document (com.google.android.googlequicksearchbox$OneSearchZeroStateGoogleSuggestions/default, zp) not found.
12-17 22:29:04.403  1145  1766 D OneSearchSuggestProvider: AppSearch 0-state cache not available, fallback to AGA
12-17 22:29:04.403  1145  1766 D OneSearchSuggestProvider: java.util.concurrent.CompletionException: java.util.NoSuchElementException: No value present
12-17 22:29:04.403  1145  1766 D OneSearchSuggestProvider: 	at java.util.concurrent.CompletableFuture.encodeThrowable(CompletableFuture.java:308)
12-17 22:29:04.403  1145  1766 D OneSearchSuggestProvider: 	at java.util.concurrent.CompletableFuture.completeThrowable(CompletableFuture.java:323)
12-17 22:29:04.403  1145  1766 D OneSearchSuggestProvider: 	at java.util.concurrent.CompletableFuture$UniAccept.tryFire(CompletableFuture.java:684)
12-17 22:29:04.403  1145  1766 D OneSearchSuggestProvider: 	at java.util.concurrent.CompletableFuture.postComplete(CompletableFuture.java:486)
12-17 22:29:04.403  1145  1766 D OneSearchSuggestProvider: 	at java.util.concurrent.CompletableFuture.completeExceptionally(CompletableFuture.java:2138)
12-17 22:29:04.403  1145  1766 D OneSearchSuggestProvider: 	at com.google.android.apps.nexuslauncher.allapps.E0.onResult(go/retraceme 2855a437b73635ce9cad76b9289087e631bbb67fc90008a0da13d343a00e5041:67)
12-17 22:29:04.403  1145  1766 D OneSearchSuggestProvider: 	at android.app.appsearch.SearchSessionUtil$1.lambda$onResult$0(go/retraceme 64eee9e9f568ff45978879ad2ff83146f2618ee8a88278736fbdf5fae931976e:144)
12-17 22:29:04.403  1145  1766 D OneSearchSuggestProvider: 	at android.app.appsearch.SearchSessionUtil$1.$r8$lambda$CEk3q8sDAQVhU3rQwVueB8FAj_M(go/retraceme 64eee9e9f568ff45978879ad2ff83146f2618ee8a88278736fbdf5fae931976e:1)
12-17 22:29:04.403  1145  1766 D OneSearchSuggestProvider: 	at android.app.appsearch.SearchSessionUtil$1$$ExternalSyntheticLambda0.run(go/retraceme 64eee9e9f568ff45978879ad2ff83146f2618ee8a88278736fbdf5fae931976e:22)
12-17 22:29:04.403  1145  1766 D OneSearchSuggestProvider: 	at android.os.Handler.handleCallback(Handler.java:959)
12-17 22:29:04.403  1145  1766 D OneSearchSuggestProvider: 	at android.os.Handler.dispatchMessage(Handler.java:100)
12-17 22:29:04.403  1145  1766 D OneSearchSuggestProvider: 	at android.os.Looper.loopOnce(Looper.java:232)
12-17 22:29:04.403  1145  1766 D OneSearchSuggestProvider: 	at android.os.Looper.loop(Looper.java:317)
12-17 22:29:04.403  1145  1766 D OneSearchSuggestProvider: 	at android.os.HandlerThread.run(HandlerThread.java:85)
12-17 22:29:04.403  1145  1766 D OneSearchSuggestProvider: Caused by: java.util.NoSuchElementException: No value present
12-17 22:29:04.403  1145  1766 D OneSearchSuggestProvider: 	at java.util.Optional.get(Optional.java:143)
12-17 22:29:04.403  1145  1766 D OneSearchSuggestProvider: 	at com.google.android.apps.nexuslauncher.allapps.E0.onResult(go/retraceme 2855a437b73635ce9cad76b9289087e631bbb67fc90008a0da13d343a00e5041:28)
12-17 22:29:04.403  1145  1766 D OneSearchSuggestProvider: 	... 8 more
12-17 22:29:04.404  1145  1766 D OneSearchSuggestProvider: Created the binder channel successfully for end point service =com.google.android.apps.search.googleapp.search.suggest.plugins.onesearch.server.OneSearchSuggestService , mChannel=i1{delegate=f{logId=73, target=directaddress:///AndroidComponentAddress%5BIntent%20%7B%20act=grpc.io.action.BIND%20cmp=com.google.android.googlequicksearchbox/com.google.android.apps.search.googleapp.search.suggest.plugins.onesearch.server.OneSearchSuggestService%20%7D%5D}} , mOneSearchConnection=l2.Z@c205ed9
12-17 22:29:04.412  7091  7107 D EGL_emulation: app_time_stats: avg=47.22ms min=4.00ms max=317.16ms count=28
12-17 22:29:04.414  1145  1223 D QuickstepModelDelegate: notifyAppTargetEvent action=1 launchLocation=workspace/0/[-1,-1]/[1,1]
12-17 22:29:04.414  1866  1866 I A       : (REDACTED) Created gRPC endpoint for service %s
12-17 22:29:04.423  1374  1606 I AiAiEcho: Predicting[0]:  [CONTEXT sampling_count=5 ]
12-17 22:29:04.424  1374  1606 I AiAiEcho: EchoTargets:
12-17 22:29:04.424  1374  1606 I AiAiEcho: Filtered by AiAi flag check:
12-17 22:29:04.424  1374  1606 I AiAiEcho: [CONTEXT ratelimit_period="10 SECONDS" ]
12-17 22:29:04.424  1374  1606 I AiAiEcho: Ranked targets strategy: SORT, count: 0, ranking metadata:  [CONTEXT ratelimit_period="10 SECONDS" ]
12-17 22:29:04.424  1374  1606 I AiAiEcho: #remoteViewsTwiddler: feature disabled.
12-17 22:29:04.432  7091  7091 D VRI[ComponentActivity]: visibilityChanged oldVisibility=true newVisibility=false
12-17 22:29:04.440   919   932 W System  : A resource failed to call release.
12-17 22:29:04.441   919   932 W System  : A resource failed to call release.
12-17 22:29:04.441   919   932 W System  : A resource failed to call release.
12-17 22:29:04.441   919   932 W System  : A resource failed to call release.
12-17 22:29:04.441   919   932 W System  : A resource failed to call release.
12-17 22:29:04.441   919   932 W System  : A resource failed to call release.
12-17 22:29:04.441   919   932 W System  : A resource failed to call release.
12-17 22:29:04.441   919   932 W System  : A resource failed to call release.
12-17 22:29:04.441   919   932 W System  : A resource failed to call release.
12-17 22:29:04.441   919   932 W System  : A resource failed to call release.
12-17 22:29:04.441   919   932 W System  : A resource failed to call release.
12-17 22:29:04.441   919   932 W System  : A resource failed to call release.
12-17 22:29:04.442   919   932 W System  : A resource failed to call release.
12-17 22:29:04.442   919   932 W System  : A resource failed to call release.
12-17 22:29:04.442   919   932 W System  : A resource failed to call release.
12-17 22:29:04.442   919   932 W System  : A resource failed to call release.
12-17 22:29:04.442   919   932 W System  : A resource failed to call release.
12-17 22:29:04.442   919   932 W System  : A resource failed to call release.
12-17 22:29:04.442   919   932 W System  : A resource failed to call release.
12-17 22:29:04.445  1374  1606 I AiAiEcho: #postPredictionTargets: Sending updates to UISurface home with targets# 0 (types=[])
12-17 22:29:04.447  7091  7107 D HWUI    : endAllActiveAnimators on 0x739139d916e0 (UnprojectedRipple) with handle 0x738fb9d7a300
12-17 22:29:04.458  1145  1145 D StateManager: createAtomicAnimation - fromState: Background, toState: Normal, partial trace:
12-17 22:29:04.458  1145  1145 D StateManager: 	at com.android.quickstep.util.WorkspaceRevealAnim.prepareToAnimate(go/retraceme 2855a437b73635ce9cad76b9289087e631bbb67fc90008a0da13d343a00e5041:22)
12-17 22:29:04.458  1145  1145 D StateManager: 	at com.android.quickstep.util.WorkspaceRevealAnim.<init>(go/retraceme 2855a437b73635ce9cad76b9289087e631bbb67fc90008a0da13d343a00e5041:11)
12-17 22:29:04.458  1145  1145 D StateManager: 	at com.android.launcher3.QuickstepTransitionManager.createWallpaperOpenAnimations(go/retraceme 2855a437b73635ce9cad76b9289087e631bbb67fc90008a0da13d343a00e5041:735)
12-17 22:29:04.459  1145  1145 D SsBaseTemplateCard: No text view can be set up
12-17 22:29:04.459  1145  1145 D SsBaseTemplateCard: Passed-in item info is null
12-17 22:29:04.459  1145  1145 D SsBaseTemplateCard: Passed-in item info is null
12-17 22:29:04.459  1145  1145 D SsBaseTemplateCard: Passed-in item info is null
12-17 22:29:04.459  1145  1145 I SsBaseTemplateCard: Secondary card pane is null
12-17 22:29:04.463  7091  7091 D LifecycleMonitor: Lifecycle status change: androidx.activity.ComponentActivity@abf5784 in: STOPPED
12-17 22:29:04.463  7091  7091 V ActivityScenario: Update currentActivityStage to STOPPED, currentActivity=androidx.activity.ComponentActivity@abf5784
12-17 22:29:04.476  7091  7091 D LifecycleMonitor: Lifecycle status change: androidx.activity.ComponentActivity@abf5784 in: DESTROYED
12-17 22:29:04.476  7091  7091 V ActivityScenario: Update currentActivityStage to DESTROYED, currentActivity=null
12-17 22:29:04.478  7091  7091 W WindowOnBackDispatcher: sendCancelIfRunning: isInProgress=false callback=android.view.ViewRootImpl$$ExternalSyntheticLambda11@8014508
12-17 22:29:04.480  7091  7096 W sson.calculator: Cleared Reference was only reachable from finalizer (only reported once)
12-17 22:29:04.485  1145  1145 D SearchTargetUtil: queryLength=0 size=0
12-17 22:29:04.488   647   786 I ImeTracker: com.google.android.apps.nexuslauncher:23ff52d2: onRequestHide at ORIGIN_SERVER reason HIDE_UNSPECIFIED_WINDOW fromUser false
12-17 22:29:04.500   647  2231 W InputManager-JNI: Input channel object 'f939f23 com.androidlesson.calculator/androidx.activity.ComponentActivity (client)' was disposed without first being removed with the input manager!
12-17 22:29:04.502  1296  1296 I GoogleInputMethodService: GoogleInputMethodService.onFinishInputView():2393
12-17 22:29:04.503  1296  1296 W TooltipLifecycleManager: TooltipLifecycleManager.dismissTooltips():152 Tooltip with id spell_check_add_to_dictionary not found in tooltipManager.
12-17 22:29:04.511  1296  1296 I GoogleInputMethodService: GoogleInputMethodService.onFinishInput():3157
12-17 22:29:04.512   647  1921 I ImeTracker: com.google.android.apps.nexuslauncher:23ff52d2: onFailed at PHASE_WM_HAS_IME_INSETS_CONTROL_TARGET
12-17 22:29:04.513  7091  7091 I ImeTracker: com.androidlesson.calculator:9383a1b4: onRequestHide at ORIGIN_CLIENT reason HIDE_SOFT_INPUT fromUser false
12-17 22:29:04.513  1296  1296 I GoogleInputMethodService: GoogleInputMethodService.updateDeviceLockedStatus():2248 repeatCheckTimes = 0, locked = false
12-17 22:29:04.513  1296  1296 I GoogleInputMethodService: GoogleInputMethodService.onStartInput():1986 onStartInput(EditorInfo{EditorInfo{packageName=com.google.android.apps.nexuslauncher, inputType=0, inputTypeString=NULL, enableLearning=false, autoCorrection=false, autoComplete=false, imeOptions=0, privateImeOptions=null, actionName=UNSPECIFIED, actionLabel=null, initialSelStart=-1, initialSelEnd=-1, initialCapsMode=0, label=null, fieldId=0, fieldName=null, extras=null, hintText=null, hintLocales=[]}}, false)
12-17 22:29:04.514  7091  7091 I ImeTracker: com.androidlesson.calculator:9383a1b4: onFailed at PHASE_CLIENT_VIEW_SERVED
12-17 22:29:04.516  7091  7105 D IdlingRegistry: Unregistering idling resources: [androidx.compose.ui.test.junit4.EspressoLink@d97cec0]
12-17 22:29:04.518  1296  1296 I GoogleInputMethodService: GoogleInputMethodService.updateDeviceLockedStatus():2248 repeatCheckTimes = 1, locked = false
12-17 22:29:04.518  1296  1296 I AndroidIME: InputBundleManager.loadActiveInputBundleId():450 loadActiveInputBundleId: und-Latn-x-password, password
12-17 22:29:04.518  1296  1296 I HardKeyTracker: HardKeyTracker.registerKeySequence():139 Register key sequence lnk{labelResId=2132019800, callback=gnd@9e92919, lastModifier=0, keyCodes=[57, 57], actions=[1, 0]}
12-17 22:29:04.518  1296  1296 I HardKeyTracker: HardKeyTracker.registerKeySequence():139 Register key sequence lnk{labelResId=0, callback=gnd@441928c, lastModifier=0, keyCodes=[58, 58], actions=[1, 0]}
12-17 22:29:04.519  7091  7105 I TestRunner: finished: additionOfTwoPositiveNumbers(com.androidlesson.calculator.CalculatorTest)
